This is a test document for report creation.
It contains some sample text to be processed.
